<?xml version="1.0" encoding="UTF-8"?>
<testsuites name="jest tests" tests="8" failures="0" time="24.026">
  <testsuite name="Icon" errors="0" failures="0" skipped="0" timestamp="2019-08-26T02:22:07" time="16.849" tests="2">
    <testcase classname="Icon xxx" name="Icon xxx" time="0.044">
    </testcase>
    <testcase classname="Icon onClick" name="Icon onClick" time="0.155">
    </testcase>
  </testsuite>
  <testsuite name="button" errors="0" failures="0" skipped="0" timestamp="2019-08-26T02:22:24" time="1.189" tests="1">
    <testcase classname="button is a div?" name="button is a div?" time="0.005">
    </testcase>
  </testsuite>
  <testsuite name="classes" errors="0" failures="0" skipped="0" timestamp="2019-08-26T02:22:25" time="1.057" tests="5">
    <testcase classname="classes 接收1个className" name="classes 接收1个className" time="0.007">
    </testcase>
    <testcase classname="classes 接收2个className" name="classes 接收2个className" time="0.002">
    </testcase>
    <testcase classname="classes 接收undefinde" name="classes 接收undefinde" time="0.002">
    </testcase>
    <testcase classname="classes 接收各种奇怪的值" name="classes 接收各种奇怪的值" time="0.001">
    </testcase>
    <testcase classname="classes 接受0个className" name="classes 接受0个className" time="0.001">
    </testcase>
  </testsuite>
</testsuites>